../Core/Src/main.c:90:5:main	64	static
../Core/Src/main.c:185:6:SystemClock_Config	96	static
../Core/Src/main.c:232:13:MX_ADC1_Init	48	static
../Core/Src/main.c:307:13:MX_TIM1_Init	96	static
../Core/Src/main.c:377:13:MX_TIM2_Init	40	static
../Core/Src/main.c:422:13:MX_USART2_UART_Init	8	static
../Core/Src/main.c:455:13:MX_DMA_Init	16	static
../Core/Src/main.c:473:13:MX_GPIO_Init	16	static
../Core/Src/main.c:490:6:HAL_ADC_ConvCpltCallback	16	static
../Core/Src/main.c:503:6:Error_Handler	8	static,ignoring_inline_asm
